[2026-04-10T18:19:15Z] === ENRICH ITERATION 1 START | repo=ljharb/qs sha=3fa11a5f ===
[2026-04-10T18:19:15Z] [iter=1] PHASE START: enrich repo=ljharb/qs sha=3fa11a5f runlog=/home/runner/work/forx/forx/storage/aggregate/lsp/logs/3fa11a5f-enrich-iter-001.log output=/home/runner/work/forx/forx/storage/aggregate/lsp/3fa11a5f643c76896387bd2d86904a2d0141fdf7.nq.gz
[2026-04-10T18:19:33Z] [iter=1] Step 1: Loading AST into disk-backed store mem_mb=78 MB
[2026-04-10T18:19:35Z] [iter=1] AST store loaded triples=309555 load_secs=2 mem_mb=510 MB
[2026-04-10T18:19:35Z] [iter=1] Step 2: Finding LSP targets mem_mb=510 MB
[2026-04-10T18:19:35Z] [iter=1] LSP targets found call_sites=2764 imports=1 extends=0 implements=0 secs=0
[2026-04-10T18:19:35Z] [iter=1] Step 2.7: Building position index (one-shot, shared across resolvers) mem_mb=510 MB
[2026-04-10T18:19:37Z] [iter=1] Position index built positions=22149 nodes_with_types=25106 secs=1 mem_mb=510 MB
[2026-04-10T18:19:37Z] [iter=1] Step 3: Starting LSP resolution mem_mb=510 MB already_completed_types=[] already_completed_files=0
[2026-04-10T18:19:37Z] [iter=1] Resolving target type target_type=call_site count=2764
[2026-04-10T18:20:36Z] [iter=1] HEARTBEAT target_type=call_site elapsed_min=1.3 files_done=1 resolved=66 errors=499 current=test/parse.js
[2026-04-10T18:22:14Z] [iter=1] HEARTBEAT target_type=call_site elapsed_min=3.0 files_done=2 resolved=80 errors=1355 current=test/stringify.js
[2026-04-10T18:23:42Z] [iter=1] HEARTBEAT target_type=call_site elapsed_min=4.5 files_done=3 resolved=86 errors=2128 current=lib/parse.js
[2026-04-10T18:24:18Z] [iter=1] HEARTBEAT target_type=call_site elapsed_min=5.0 files_done=6 resolved=110 errors=2439 current=lib/utils.js
[2026-04-10T18:24:25Z] [iter=1] Target type resolved target_type=call_site resolved=125 errors=2493 secs=288 mem_mb=510 MB
[2026-04-10T18:24:25Z] [iter=1] Resolving target type target_type=import_statement count=1
[2026-04-10T18:24:26Z] [iter=1] Target type resolved target_type=import_statement resolved=0 errors=0 secs=2 mem_mb=510 MB
[2026-04-10T18:24:29Z] [iter=1] Step 5: Writing final enrichment file triples=30105
[2026-04-10T18:24:30Z] [iter=1] Enrichment file written path=/home/runner/work/forx/forx/storage/aggregate/lsp/3fa11a5f643c76896387bd2d86904a2d0141fdf7.nq.gz size_kb=472
[2026-04-10T18:24:30Z] [iter=1] PHASE END: enrich elapsed_s=315 elapsed_min=5.2 total_triples=30105
