[2026-04-10T17:36:12Z] === ENRICH ITERATION 1 START | repo=ljharb/qs sha=bdcf0c7f ===
[2026-04-10T17:36:12Z] [iter=1] PHASE START: enrich repo=ljharb/qs sha=bdcf0c7f runlog=/home/runner/work/forx/forx/storage/aggregate/lsp/logs/bdcf0c7f-enrich-iter-001.log output=/home/runner/work/forx/forx/storage/aggregate/lsp/bdcf0c7f82387c18ac8fabfccd2f440645cef47b.nq.gz
[2026-04-10T17:36:30Z] [iter=1] Step 1: Loading AST into disk-backed store mem_mb=78 MB
[2026-04-10T17:36:33Z] [iter=1] AST store loaded triples=319876 load_secs=2 mem_mb=520 MB
[2026-04-10T17:36:33Z] [iter=1] Step 2: Finding LSP targets mem_mb=520 MB
[2026-04-10T17:36:33Z] [iter=1] LSP targets found call_sites=2858 imports=1 extends=0 implements=0 secs=0
[2026-04-10T17:36:33Z] [iter=1] Step 2.7: Building position index (one-shot, shared across resolvers) mem_mb=520 MB
[2026-04-10T17:36:34Z] [iter=1] Position index built positions=22889 nodes_with_types=25957 secs=1 mem_mb=520 MB
[2026-04-10T17:36:34Z] [iter=1] Step 3: Starting LSP resolution mem_mb=520 MB already_completed_types=[] already_completed_files=0
[2026-04-10T17:36:34Z] [iter=1] Resolving target type target_type=call_site count=2858
[2026-04-10T17:37:35Z] [iter=1] HEARTBEAT target_type=call_site elapsed_min=1.4 files_done=1 resolved=68 errors=503 current=test/parse.js
[2026-04-10T17:39:23Z] [iter=1] HEARTBEAT target_type=call_site elapsed_min=3.2 files_done=2 resolved=88 errors=1414 current=test/stringify.js
[2026-04-10T17:40:55Z] [iter=1] HEARTBEAT target_type=call_site elapsed_min=4.7 files_done=3 resolved=94 errors=2187 current=lib/stringify.js
[2026-04-10T17:41:33Z] [iter=1] HEARTBEAT target_type=call_site elapsed_min=5.3 files_done=7 resolved=121 errors=2509 current=lib/utils.js
[2026-04-10T17:41:40Z] [iter=1] Target type resolved target_type=call_site resolved=137 errors=2567 secs=306 mem_mb=520 MB
[2026-04-10T17:41:40Z] [iter=1] Resolving target type target_type=import_statement count=1
[2026-04-10T17:41:42Z] [iter=1] Target type resolved target_type=import_statement resolved=0 errors=0 secs=2 mem_mb=520 MB
[2026-04-10T17:41:45Z] [iter=1] Step 5: Writing final enrichment file triples=31020
[2026-04-10T17:41:46Z] [iter=1] Enrichment file written path=/home/runner/work/forx/forx/storage/aggregate/lsp/bdcf0c7f82387c18ac8fabfccd2f440645cef47b.nq.gz size_kb=491
[2026-04-10T17:41:46Z] [iter=1] PHASE END: enrich elapsed_s=334 elapsed_min=5.6 total_triples=31020
